package anotherPackage

type LastStruct struct {
	Int int
}

var abc = LastStruct{Int: 1}
