package thirdpackage

import (
	"github.com/matthinrichsen/gokey/tests/anotherPackage"
)

var _ = anotherPackage.LastStruct{Int: 1}
